Fri Nov 13 2020 07:45:14 GMT+0000 (Greenwich Mean Time) Launch Puppeteer
Fri Nov 13 2020 07:45:15 GMT+0000 (Greenwich Mean Time) create browser
Fri Nov 13 2020 07:45:15 GMT+0000 (Greenwich Mean Time) create page
Fri Nov 13 2020 07:45:16 GMT+0000 (Greenwich Mean Time) load cookies
Fri Nov 13 2020 07:45:24 GMT+0000 (Greenwich Mean Time) click "new post" button
Fri Nov 13 2020 07:45:24 GMT+0000 (Greenwich Mean Time) undefined
Fri Nov 13 2020 07:45:26 GMT+0000 (Greenwich Mean Time) Selecting "Instagram Feed" link
Fri Nov 13 2020 07:45:27 GMT+0000 (Greenwich Mean Time) Wait for side tray
Fri Nov 13 2020 07:45:29 GMT+0000 (Greenwich Mean Time) Entering a Caption
Fri Nov 13 2020 07:45:29 GMT+0000 (Greenwich Mean Time) Entering a Location
Fri Nov 13 2020 07:46:53 GMT+0000 (Greenwich Mean Time) Clicking on the "+Add Content" link
Fri Nov 13 2020 07:46:54 GMT+0000 (Greenwich Mean Time) Selecting File
Fri Nov 13 2020 07:46:54 GMT+0000 (Greenwich Mean Time) Click Facebook Page checkbox
Fri Nov 13 2020 07:46:55 GMT+0000 (Greenwich Mean Time) Click crosspost down-arrow
Fri Nov 13 2020 07:46:56 GMT+0000 (Greenwich Mean Time) Click crosspost schedule checkbox
Fri Nov 13 2020 07:46:57 GMT+0000 (Greenwich Mean Time) Add crosspost date
Fri Nov 13 2020 07:46:58 GMT+0000 (Greenwich Mean Time) Add time
Fri Nov 13 2020 07:46:58 GMT+0000 (Greenwich Mean Time) Selecting Cover Image
Fri Nov 13 2020 07:46:58 GMT+0000 (Greenwich Mean Time) Click custom upload box
Fri Nov 13 2020 07:46:59 GMT+0000 (Greenwich Mean Time) Click "add image"
Fri Nov 13 2020 07:46:59 GMT+0000 (Greenwich Mean Time) Click down-arrow
Fri Nov 13 2020 07:46:59 GMT+0000 (Greenwich Mean Time) Click schedule checkbox
Fri Nov 13 2020 07:46:59 GMT+0000 (Greenwich Mean Time) Add date
Fri Nov 13 2020 07:47:00 GMT+0000 (Greenwich Mean Time) Add time
Fri Nov 13 2020 07:47:00 GMT+0000 (Greenwich Mean Time) Click Publish
Fri Nov 13 2020 07:47:01 GMT+0000 (Greenwich Mean Time) Done
